Verifying flipr_test
  * users .. ok
Undeployed change:
  * flips
Verify successful

