Created deploy/users.sql
Created revert/users.sql
Created verify/users.sql
Added "users" to sqitch.plan
