Created sqitch.conf
Created sqitch.plan
Created deploy/
Created revert/
Created verify/
