Reverting all changes from db:sqlite:flipr_test.db
  - flips .. ok
  - users .. ok
