On database db:sqlite:flipr_test.db
Revert f30fe47f5f99501fb8d481e910d9112c5ac0a676
Name:      users
Committer: Marge N. Oâ€™Vera <marge@example.com>
Date:      2013-12-31 10:53:25 -0800

    Creates table to track our users.

Deploy f30fe47f5f99501fb8d481e910d9112c5ac0a676
Name:      users
Committer: Marge N. Oâ€™Vera <marge@example.com>
Date:      2013-12-31 10:26:59 -0800

    Creates table to track our users.
