# On database flipr_test
# Project:  flipr
# Change:   f30fe47f5f99501fb8d481e910d9112c5ac0a676
# Name:     users
# Deployed: 2013-12-31 10:57:55 -0800
# By:       Marge N. Oâ€™Vera <marge@example.com>
# 
Undeployed change:
  * flips
