Verifying flipr_test
  * users .. ok
  * flips .. ok
Verify successful
