# On database db:sqlite:flipr_test.db
No changes deployed
